{
  "version": "1.5.0",
  "plugins_used": [
    {
      "name": "ArtifactoryDetector"
    },
    {
      "name": "AWSKeyDetector"
    },
    {
      "name": "AzureStorageKeyDetector"
    },
    {
      "name": "Base64HighEntropyString",
      "limit": 4.5
    },
    {
      "name": "BasicAuthDetector"
    },
    {
      "name": "CloudantDetector"
    },
    {
      "name": "DiscordBotTokenDetector"
    },
    {
      "name": "GitHubTokenDetector"
    },
    {
      "name": "GitLabTokenDetector"
    },
    {
      "name": "HexHighEntropyString",
      "limit": 3.0
    },
    {
      "name": "IbmCloudIamDetector"
    },
    {
      "name": "IbmCosHmacDetector"
    },
    {
      "name": "IPPublicDetector"
    },
    {
      "name": "JwtTokenDetector"
    },
    {
      "name": "KeywordDetector",
      "keyword_exclude": ""
    },
    {
      "name": "MailchimpDetector"
    },
    {
      "name": "NpmDetector"
    },
    {
      "name": "OpenAIDetector"
    },
    {
      "name": "PrivateKeyDetector"
    },
    {
      "name": "PypiTokenDetector"
    },
    {
      "name": "SendGridDetector"
    },
    {
      "name": "SlackDetector"
    },
    {
      "name": "SoftlayerDetector"
    },
    {
      "name": "SquareOAuthDetector"
    },
    {
      "name": "StripeDetector"
    },
    {
      "name": "TelegramBotTokenDetector"
    },
    {
      "name": "TwilioKeyDetector"
    }
  ],
  "filters_used": [
    {
      "path": "detect_secrets.filters.allowlist.is_line_allowlisted"
    },
    {
      "path": "detect_secrets.filters.common.is_ignored_due_to_verification_policies",
      "min_level": 2
    },
    {
      "path": "detect_secrets.filters.heuristic.is_indirect_reference"
    },
    {
      "path": "detect_secrets.filters.heuristic.is_likely_id_string"
    },
    {
      "path": "detect_secrets.filters.heuristic.is_lock_file"
    },
    {
      "path": "detect_secrets.filters.heuristic.is_not_alphanumeric_string"
    },
    {
      "path": "detect_secrets.filters.heuristic.is_potential_uuid"
    },
    {
      "path": "detect_secrets.filters.heuristic.is_prefixed_with_dollar_sign"
    },
    {
      "path": "detect_secrets.filters.heuristic.is_sequential_string"
    },
    {
      "path": "detect_secrets.filters.heuristic.is_swagger_file"
    },
    {
      "path": "detect_secrets.filters.heuristic.is_templated_secret"
    },
    {
      "path": "detect_secrets.filters.regex.should_exclude_file",
      "pattern": [
        "poetry.lock",
        "static/",
        ".venv/"
      ]
    }
  ],
  "results": {
    "deployment/keycloak/QUICK_START.md": [
      {
        "type": "Secret Keyword",
        "filename": "deployment/keycloak/QUICK_START.md",
        "hashed_secret": "d033e22ae348aeb5660fc2140aec35850c4da997",
        "is_verified": false,
        "line_number": 13,
        "is_secret": false
      },
      {
        "type": "Secret Keyword",
        "filename": "deployment/keycloak/QUICK_START.md",
        "hashed_secret": "a94a8fe5ccb19ba61c4c0873d391e987982fbbd3",
        "is_verified": false,
        "line_number": 56,
        "is_secret": false
      }
    ],
    "deployment/keycloak/cml-cloud-manager-realm-export.json": [
      {
        "type": "Secret Keyword",
        "filename": "deployment/keycloak/cml-cloud-manager-realm-export.json",
        "hashed_secret": "c45335b81c84a8103376167399d74fcb0424ee1e",
        "is_verified": false,
        "line_number": 204,
        "is_secret": false
      },
      {
        "type": "Secret Keyword",
        "filename": "deployment/keycloak/cml-cloud-manager-realm-export.json",
        "hashed_secret": "1fe0ba39f7e0c772bbd0de76193febdd38aa3689",
        "is_verified": false,
        "line_number": 284,
        "is_secret": false
      },
      {
        "type": "Secret Keyword",
        "filename": "deployment/keycloak/cml-cloud-manager-realm-export.json",
        "hashed_secret": "0cdb6fdbe7e4f2e4cf668369fc506c9c3ae0c455",
        "is_verified": false,
        "line_number": 360,
        "is_secret": false
      }
    ],
    "deployment/keycloak/lablet-cloud-manager-realm-export.json": [
      {
        "type": "Secret Keyword",
        "filename": "deployment/keycloak/lablet-cloud-manager-realm-export.json",
        "hashed_secret": "c45335b81c84a8103376167399d74fcb0424ee1e",
        "is_verified": false,
        "line_number": 204,
        "is_secret": false
      },
      {
        "type": "Secret Keyword",
        "filename": "deployment/keycloak/lablet-cloud-manager-realm-export.json",
        "hashed_secret": "1fe0ba39f7e0c772bbd0de76193febdd38aa3689",
        "is_verified": false,
        "line_number": 284,
        "is_secret": false
      },
      {
        "type": "Secret Keyword",
        "filename": "deployment/keycloak/lablet-cloud-manager-realm-export.json",
        "hashed_secret": "0cdb6fdbe7e4f2e4cf668369fc506c9c3ae0c455",
        "is_verified": false,
        "line_number": 360,
        "is_secret": false
      }
    ],
    "deployment/keycloak/lcm-clients-for-aix-realm.json": [
      {
        "type": "Secret Keyword",
        "filename": "deployment/keycloak/lcm-clients-for-aix-realm.json",
        "hashed_secret": "82122e51e8ec5f6d2271f8f511c98f42c0e823dc",
        "is_verified": false,
        "line_number": 74,
        "is_secret": false
      },
      {
        "type": "Secret Keyword",
        "filename": "deployment/keycloak/lcm-clients-for-aix-realm.json",
        "hashed_secret": "ec17f8a8fb9b62819e9c4374f59f53e589ca8f4a",
        "is_verified": false,
        "line_number": 148,
        "is_secret": false
      }
    ],
    "deployment/lds/content/LAB-1.1.1/.svn/pristine/0d/0dc02ab524c5289cc270e462cd675deb29e80366.svn-base": [
      {
        "type": "Secret Keyword",
        "filename": "deployment/lds/content/LAB-1.1.1/.svn/pristine/0d/0dc02ab524c5289cc270e462cd675deb29e80366.svn-base",
        "hashed_secret": "7af78c911d5b48bea1dc2449d9d89513abeb4be5",
        "is_verified": false,
        "line_number": 4,
        "is_secret": false
      }
    ],
    "deployment/lds/content/LAB-1.1.1/.svn/pristine/4a/4a8cee56c26302f61624f74310fe7f49c6be541a.svn-base": [
      {
        "type": "Hex High Entropy String",
        "filename": "deployment/lds/content/LAB-1.1.1/.svn/pristine/4a/4a8cee56c26302f61624f74310fe7f49c6be541a.svn-base",
        "hashed_secret": "fd70dcd350a95adeb83840813411a65358ed442d",
        "is_verified": false,
        "line_number": 8,
        "is_secret": false
      },
      {
        "type": "Hex High Entropy String",
        "filename": "deployment/lds/content/LAB-1.1.1/.svn/pristine/4a/4a8cee56c26302f61624f74310fe7f49c6be541a.svn-base",
        "hashed_secret": "aa2bb153620f45b508943baa7d7b190e41a37d45",
        "is_verified": false,
        "line_number": 9,
        "is_secret": false
      },
      {
        "type": "Hex High Entropy String",
        "filename": "deployment/lds/content/LAB-1.1.1/.svn/pristine/4a/4a8cee56c26302f61624f74310fe7f49c6be541a.svn-base",
        "hashed_secret": "d21ddd1231b1b005cfbfb36861af5fe7f55def4b",
        "is_verified": false,
        "line_number": 10,
        "is_secret": false
      },
      {
        "type": "Hex High Entropy String",
        "filename": "deployment/lds/content/LAB-1.1.1/.svn/pristine/4a/4a8cee56c26302f61624f74310fe7f49c6be541a.svn-base",
        "hashed_secret": "b07d770c7018e6e7c10add97a59c874bd6c120ff",
        "is_verified": false,
        "line_number": 12,
        "is_secret": false
      },
      {
        "type": "Hex High Entropy String",
        "filename": "deployment/lds/content/LAB-1.1.1/.svn/pristine/4a/4a8cee56c26302f61624f74310fe7f49c6be541a.svn-base",
        "hashed_secret": "aeae62ee6ea9d2553972cb22abfb69c095ac177d",
        "is_verified": false,
        "line_number": 14,
        "is_secret": false
      }
    ],
    "deployment/lds/content/LAB-1.1.1/RCUv1/cml.yaml": [
      {
        "type": "Secret Keyword",
        "filename": "deployment/lds/content/LAB-1.1.1/RCUv1/cml.yaml",
        "hashed_secret": "d393c79946791c7693a50fa40992d232d15f3078",
        "is_verified": false,
        "line_number": 482,
        "is_secret": false
      }
    ],
    "deployment/lds/content/LAB-1.1.1/RCUv1/pod.xml": [
      {
        "type": "Secret Keyword",
        "filename": "deployment/lds/content/LAB-1.1.1/RCUv1/pod.xml",
        "hashed_secret": "7af78c911d5b48bea1dc2449d9d89513abeb4be5",
        "is_verified": false,
        "line_number": 4,
        "is_secret": false
      }
    ],
    "deployment/lds/content/LAB-1.1.1/mosaic_meta.json": [
      {
        "type": "Hex High Entropy String",
        "filename": "deployment/lds/content/LAB-1.1.1/mosaic_meta.json",
        "hashed_secret": "fd70dcd350a95adeb83840813411a65358ed442d",
        "is_verified": false,
        "line_number": 8,
        "is_secret": false
      },
      {
        "type": "Hex High Entropy String",
        "filename": "deployment/lds/content/LAB-1.1.1/mosaic_meta.json",
        "hashed_secret": "aa2bb153620f45b508943baa7d7b190e41a37d45",
        "is_verified": false,
        "line_number": 9,
        "is_secret": false
      },
      {
        "type": "Hex High Entropy String",
        "filename": "deployment/lds/content/LAB-1.1.1/mosaic_meta.json",
        "hashed_secret": "d21ddd1231b1b005cfbfb36861af5fe7f55def4b",
        "is_verified": false,
        "line_number": 10,
        "is_secret": false
      },
      {
        "type": "Hex High Entropy String",
        "filename": "deployment/lds/content/LAB-1.1.1/mosaic_meta.json",
        "hashed_secret": "b07d770c7018e6e7c10add97a59c874bd6c120ff",
        "is_verified": false,
        "line_number": 12,
        "is_secret": false
      },
      {
        "type": "Hex High Entropy String",
        "filename": "deployment/lds/content/LAB-1.1.1/mosaic_meta.json",
        "hashed_secret": "aeae62ee6ea9d2553972cb22abfb69c095ac177d",
        "is_verified": false,
        "line_number": 14,
        "is_secret": false
      }
    ],
    "deployment/lds/content/LAB-1.2.1/.svn/pristine/0d/0dc02ab524c5289cc270e462cd675deb29e80366.svn-base": [
      {
        "type": "Secret Keyword",
        "filename": "deployment/lds/content/LAB-1.2.1/.svn/pristine/0d/0dc02ab524c5289cc270e462cd675deb29e80366.svn-base",
        "hashed_secret": "7af78c911d5b48bea1dc2449d9d89513abeb4be5",
        "is_verified": false,
        "line_number": 4,
        "is_secret": false
      }
    ],
    "deployment/lds/content/LAB-1.2.1/.svn/pristine/6c/6ccdf8227b96e6a7debfa453dec3643d122c4251.svn-base": [
      {
        "type": "Hex High Entropy String",
        "filename": "deployment/lds/content/LAB-1.2.1/.svn/pristine/6c/6ccdf8227b96e6a7debfa453dec3643d122c4251.svn-base",
        "hashed_secret": "33c9d368f314a1c9cbf7e56b49ef3868a0791fe5",
        "is_verified": false,
        "line_number": 8,
        "is_secret": false
      },
      {
        "type": "Hex High Entropy String",
        "filename": "deployment/lds/content/LAB-1.2.1/.svn/pristine/6c/6ccdf8227b96e6a7debfa453dec3643d122c4251.svn-base",
        "hashed_secret": "56d74225c38526242b0cb00fb1f2ef8b3236510e",
        "is_verified": false,
        "line_number": 9,
        "is_secret": false
      },
      {
        "type": "Hex High Entropy String",
        "filename": "deployment/lds/content/LAB-1.2.1/.svn/pristine/6c/6ccdf8227b96e6a7debfa453dec3643d122c4251.svn-base",
        "hashed_secret": "d21ddd1231b1b005cfbfb36861af5fe7f55def4b",
        "is_verified": false,
        "line_number": 10,
        "is_secret": false
      },
      {
        "type": "Hex High Entropy String",
        "filename": "deployment/lds/content/LAB-1.2.1/.svn/pristine/6c/6ccdf8227b96e6a7debfa453dec3643d122c4251.svn-base",
        "hashed_secret": "b07d770c7018e6e7c10add97a59c874bd6c120ff",
        "is_verified": false,
        "line_number": 12,
        "is_secret": false
      },
      {
        "type": "Hex High Entropy String",
        "filename": "deployment/lds/content/LAB-1.2.1/.svn/pristine/6c/6ccdf8227b96e6a7debfa453dec3643d122c4251.svn-base",
        "hashed_secret": "aeae62ee6ea9d2553972cb22abfb69c095ac177d",
        "is_verified": false,
        "line_number": 14,
        "is_secret": false
      }
    ],
    "deployment/lds/content/LAB-1.2.1/RCUv1/cml.yaml": [
      {
        "type": "Secret Keyword",
        "filename": "deployment/lds/content/LAB-1.2.1/RCUv1/cml.yaml",
        "hashed_secret": "d393c79946791c7693a50fa40992d232d15f3078",
        "is_verified": false,
        "line_number": 517,
        "is_secret": false
      }
    ],
    "deployment/lds/content/LAB-1.2.1/RCUv1/pod.xml": [
      {
        "type": "Secret Keyword",
        "filename": "deployment/lds/content/LAB-1.2.1/RCUv1/pod.xml",
        "hashed_secret": "7af78c911d5b48bea1dc2449d9d89513abeb4be5",
        "is_verified": false,
        "line_number": 4,
        "is_secret": false
      }
    ],
    "deployment/lds/content/LAB-1.2.1/mosaic_meta.json": [
      {
        "type": "Hex High Entropy String",
        "filename": "deployment/lds/content/LAB-1.2.1/mosaic_meta.json",
        "hashed_secret": "33c9d368f314a1c9cbf7e56b49ef3868a0791fe5",
        "is_verified": false,
        "line_number": 8,
        "is_secret": false
      },
      {
        "type": "Hex High Entropy String",
        "filename": "deployment/lds/content/LAB-1.2.1/mosaic_meta.json",
        "hashed_secret": "56d74225c38526242b0cb00fb1f2ef8b3236510e",
        "is_verified": false,
        "line_number": 9,
        "is_secret": false
      },
      {
        "type": "Hex High Entropy String",
        "filename": "deployment/lds/content/LAB-1.2.1/mosaic_meta.json",
        "hashed_secret": "d21ddd1231b1b005cfbfb36861af5fe7f55def4b",
        "is_verified": false,
        "line_number": 10,
        "is_secret": false
      },
      {
        "type": "Hex High Entropy String",
        "filename": "deployment/lds/content/LAB-1.2.1/mosaic_meta.json",
        "hashed_secret": "b07d770c7018e6e7c10add97a59c874bd6c120ff",
        "is_verified": false,
        "line_number": 12,
        "is_secret": false
      },
      {
        "type": "Hex High Entropy String",
        "filename": "deployment/lds/content/LAB-1.2.1/mosaic_meta.json",
        "hashed_secret": "aeae62ee6ea9d2553972cb22abfb69c095ac177d",
        "is_verified": false,
        "line_number": 14,
        "is_secret": false
      }
    ],
    "deployment/lds/content/LAB-2.2.a/.svn/pristine/12/1235fe9ca76fbd0aec9338d1b5727f90a59bed31.svn-base": [
      {
        "type": "Secret Keyword",
        "filename": "deployment/lds/content/LAB-2.2.a/.svn/pristine/12/1235fe9ca76fbd0aec9338d1b5727f90a59bed31.svn-base",
        "hashed_secret": "7af78c911d5b48bea1dc2449d9d89513abeb4be5",
        "is_verified": false,
        "line_number": 4,
        "is_secret": false
      }
    ],
    "deployment/lds/content/LAB-2.2.a/.svn/pristine/c2/c237aba5c1ee5637ec2e13c2dbab0ecd05c5b342.svn-base": [
      {
        "type": "Hex High Entropy String",
        "filename": "deployment/lds/content/LAB-2.2.a/.svn/pristine/c2/c237aba5c1ee5637ec2e13c2dbab0ecd05c5b342.svn-base",
        "hashed_secret": "9880ca30d0a31f1d04a84032b62cf6f6681ba475",
        "is_verified": false,
        "line_number": 8,
        "is_secret": false
      },
      {
        "type": "Hex High Entropy String",
        "filename": "deployment/lds/content/LAB-2.2.a/.svn/pristine/c2/c237aba5c1ee5637ec2e13c2dbab0ecd05c5b342.svn-base",
        "hashed_secret": "2f3155297793a6def93e985a2daac33ee33d3e61",
        "is_verified": false,
        "line_number": 9,
        "is_secret": false
      },
      {
        "type": "Hex High Entropy String",
        "filename": "deployment/lds/content/LAB-2.2.a/.svn/pristine/c2/c237aba5c1ee5637ec2e13c2dbab0ecd05c5b342.svn-base",
        "hashed_secret": "d21ddd1231b1b005cfbfb36861af5fe7f55def4b",
        "is_verified": false,
        "line_number": 10,
        "is_secret": false
      },
      {
        "type": "Hex High Entropy String",
        "filename": "deployment/lds/content/LAB-2.2.a/.svn/pristine/c2/c237aba5c1ee5637ec2e13c2dbab0ecd05c5b342.svn-base",
        "hashed_secret": "b07d770c7018e6e7c10add97a59c874bd6c120ff",
        "is_verified": false,
        "line_number": 12,
        "is_secret": false
      },
      {
        "type": "Hex High Entropy String",
        "filename": "deployment/lds/content/LAB-2.2.a/.svn/pristine/c2/c237aba5c1ee5637ec2e13c2dbab0ecd05c5b342.svn-base",
        "hashed_secret": "aeae62ee6ea9d2553972cb22abfb69c095ac177d",
        "is_verified": false,
        "line_number": 14,
        "is_secret": false
      }
    ],
    "deployment/lds/content/LAB-2.2.a/.svn/pristine/f0/f0a1a69c2e726ba793f6fc68a61c3c7abdbc532e.svn-base": [
      {
        "type": "Private Key",
        "filename": "deployment/lds/content/LAB-2.2.a/.svn/pristine/f0/f0a1a69c2e726ba793f6fc68a61c3c7abdbc532e.svn-base",
        "hashed_secret": "27c6929aef41ae2bcadac15ca6abcaff72cda9cd",
        "is_verified": false,
        "line_number": 844,
        "is_secret": false
      }
    ],
    "deployment/lds/content/LAB-2.2.a/RCUv1/cml.yaml": [
      {
        "type": "Private Key",
        "filename": "deployment/lds/content/LAB-2.2.a/RCUv1/cml.yaml",
        "hashed_secret": "27c6929aef41ae2bcadac15ca6abcaff72cda9cd",
        "is_verified": false,
        "line_number": 774,
        "is_secret": false
      },
      {
        "type": "Secret Keyword",
        "filename": "deployment/lds/content/LAB-2.2.a/RCUv1/cml.yaml",
        "hashed_secret": "d393c79946791c7693a50fa40992d232d15f3078",
        "is_verified": false,
        "line_number": 774,
        "is_secret": false
      }
    ],
    "deployment/lds/content/LAB-2.2.a/RCUv1/pod.xml": [
      {
        "type": "Secret Keyword",
        "filename": "deployment/lds/content/LAB-2.2.a/RCUv1/pod.xml",
        "hashed_secret": "7af78c911d5b48bea1dc2449d9d89513abeb4be5",
        "is_verified": false,
        "line_number": 4,
        "is_secret": false
      }
    ],
    "deployment/lds/content/LAB-2.2.a/mosaic_meta.json": [
      {
        "type": "Hex High Entropy String",
        "filename": "deployment/lds/content/LAB-2.2.a/mosaic_meta.json",
        "hashed_secret": "9880ca30d0a31f1d04a84032b62cf6f6681ba475",
        "is_verified": false,
        "line_number": 8,
        "is_secret": false
      },
      {
        "type": "Hex High Entropy String",
        "filename": "deployment/lds/content/LAB-2.2.a/mosaic_meta.json",
        "hashed_secret": "2f3155297793a6def93e985a2daac33ee33d3e61",
        "is_verified": false,
        "line_number": 9,
        "is_secret": false
      },
      {
        "type": "Hex High Entropy String",
        "filename": "deployment/lds/content/LAB-2.2.a/mosaic_meta.json",
        "hashed_secret": "d21ddd1231b1b005cfbfb36861af5fe7f55def4b",
        "is_verified": false,
        "line_number": 10,
        "is_secret": false
      },
      {
        "type": "Hex High Entropy String",
        "filename": "deployment/lds/content/LAB-2.2.a/mosaic_meta.json",
        "hashed_secret": "b07d770c7018e6e7c10add97a59c874bd6c120ff",
        "is_verified": false,
        "line_number": 12,
        "is_secret": false
      },
      {
        "type": "Hex High Entropy String",
        "filename": "deployment/lds/content/LAB-2.2.a/mosaic_meta.json",
        "hashed_secret": "aeae62ee6ea9d2553972cb22abfb69c095ac177d",
        "is_verified": false,
        "line_number": 14,
        "is_secret": false
      }
    ],
    "deployment/lds/content/minio/exam-associate-auto-v1.1-lab-lab-2.5.1/RCUv1/cml.yaml": [
      {
        "type": "Secret Keyword",
        "filename": "deployment/lds/content/minio/exam-associate-auto-v1.1-lab-lab-2.5.1/RCUv1/cml.yaml",
        "hashed_secret": "4693aa64054e8106991205fe48ec1b309c51df6e",
        "is_verified": false,
        "line_number": 91,
        "is_secret": false
      },
      {
        "type": "Secret Keyword",
        "filename": "deployment/lds/content/minio/exam-associate-auto-v1.1-lab-lab-2.5.1/RCUv1/cml.yaml",
        "hashed_secret": "d393c79946791c7693a50fa40992d232d15f3078",
        "is_verified": false,
        "line_number": 140,
        "is_secret": false
      }
    ],
    "deployment/lds/content/minio/exam-associate-auto-v1.1-lab-lab-2.5.1/RCUv1/pod.xml": [
      {
        "type": "Secret Keyword",
        "filename": "deployment/lds/content/minio/exam-associate-auto-v1.1-lab-lab-2.5.1/RCUv1/pod.xml",
        "hashed_secret": "7af78c911d5b48bea1dc2449d9d89513abeb4be5",
        "is_verified": false,
        "line_number": 5,
        "is_secret": false
      }
    ],
    "deployment/lds/content/minio/exam-associate-auto-v1.1-lab-lab-2.5.1/mosaic_meta.json": [
      {
        "type": "Hex High Entropy String",
        "filename": "deployment/lds/content/minio/exam-associate-auto-v1.1-lab-lab-2.5.1/mosaic_meta.json",
        "hashed_secret": "52d2a0b7b38e420708f0744ff644766fae93db1f",
        "is_verified": false,
        "line_number": 8,
        "is_secret": false
      },
      {
        "type": "Hex High Entropy String",
        "filename": "deployment/lds/content/minio/exam-associate-auto-v1.1-lab-lab-2.5.1/mosaic_meta.json",
        "hashed_secret": "78f999645fd343904e1df8d4bbfb7c548de3c4a1",
        "is_verified": false,
        "line_number": 9,
        "is_secret": false
      },
      {
        "type": "Hex High Entropy String",
        "filename": "deployment/lds/content/minio/exam-associate-auto-v1.1-lab-lab-2.5.1/mosaic_meta.json",
        "hashed_secret": "7df9cda72d3abe5e749271749459078c693a4038",
        "is_verified": false,
        "line_number": 10,
        "is_secret": false
      },
      {
        "type": "Hex High Entropy String",
        "filename": "deployment/lds/content/minio/exam-associate-auto-v1.1-lab-lab-2.5.1/mosaic_meta.json",
        "hashed_secret": "cd83726b97f83df6c8e29faceb637911b6e9f636",
        "is_verified": false,
        "line_number": 12,
        "is_secret": false
      },
      {
        "type": "Hex High Entropy String",
        "filename": "deployment/lds/content/minio/exam-associate-auto-v1.1-lab-lab-2.5.1/mosaic_meta.json",
        "hashed_secret": "ebd3c1e5a5fa14f63b4707ef324750e443db64bb",
        "is_verified": false,
        "line_number": 14,
        "is_secret": false
      }
    ],
    "deployment/lds/content/minio/exam-associate-auto-v1.1-lab-lab-2.5.1/pa/cml.yaml": [
      {
        "type": "Secret Keyword",
        "filename": "deployment/lds/content/minio/exam-associate-auto-v1.1-lab-lab-2.5.1/pa/cml.yaml",
        "hashed_secret": "4693aa64054e8106991205fe48ec1b309c51df6e",
        "is_verified": false,
        "line_number": 91,
        "is_secret": false
      },
      {
        "type": "Secret Keyword",
        "filename": "deployment/lds/content/minio/exam-associate-auto-v1.1-lab-lab-2.5.1/pa/cml.yaml",
        "hashed_secret": "d393c79946791c7693a50fa40992d232d15f3078",
        "is_verified": false,
        "line_number": 140,
        "is_secret": false
      }
    ],
    "deployment/lds/content/minio/exam-associate-auto-v1.1-lab-lab-2.5.1/pa/pod.xml": [
      {
        "type": "Secret Keyword",
        "filename": "deployment/lds/content/minio/exam-associate-auto-v1.1-lab-lab-2.5.1/pa/pod.xml",
        "hashed_secret": "7af78c911d5b48bea1dc2449d9d89513abeb4be5",
        "is_verified": false,
        "line_number": 5,
        "is_secret": false
      }
    ],
    "deployment/lds/content/minio/exam-associate-auto-v1.1-lab-lab-2.9.1/RCUv1/cml.yaml": [
      {
        "type": "Secret Keyword",
        "filename": "deployment/lds/content/minio/exam-associate-auto-v1.1-lab-lab-2.9.1/RCUv1/cml.yaml",
        "hashed_secret": "2af77da05451bc81890f0d39f9d182ffb344423f",
        "is_verified": false,
        "line_number": 146,
        "is_secret": false
      }
    ],
    "deployment/lds/content/minio/exam-associate-auto-v1.1-lab-lab-2.9.1/RCUv1/pod.xml": [
      {
        "type": "Secret Keyword",
        "filename": "deployment/lds/content/minio/exam-associate-auto-v1.1-lab-lab-2.9.1/RCUv1/pod.xml",
        "hashed_secret": "7af78c911d5b48bea1dc2449d9d89513abeb4be5",
        "is_verified": false,
        "line_number": 5,
        "is_secret": false
      }
    ],
    "deployment/lds/content/minio/exam-associate-auto-v1.1-lab-lab-2.9.1/mosaic_meta.json": [
      {
        "type": "Hex High Entropy String",
        "filename": "deployment/lds/content/minio/exam-associate-auto-v1.1-lab-lab-2.9.1/mosaic_meta.json",
        "hashed_secret": "436aa535a6630f0822b78205bb069f44cd4a3e9b",
        "is_verified": false,
        "line_number": 8,
        "is_secret": false
      },
      {
        "type": "Hex High Entropy String",
        "filename": "deployment/lds/content/minio/exam-associate-auto-v1.1-lab-lab-2.9.1/mosaic_meta.json",
        "hashed_secret": "c9630eb24e57c19cc043ee61a3440f2f1a68636a",
        "is_verified": false,
        "line_number": 9,
        "is_secret": false
      },
      {
        "type": "Hex High Entropy String",
        "filename": "deployment/lds/content/minio/exam-associate-auto-v1.1-lab-lab-2.9.1/mosaic_meta.json",
        "hashed_secret": "7df9cda72d3abe5e749271749459078c693a4038",
        "is_verified": false,
        "line_number": 10,
        "is_secret": false
      },
      {
        "type": "Hex High Entropy String",
        "filename": "deployment/lds/content/minio/exam-associate-auto-v1.1-lab-lab-2.9.1/mosaic_meta.json",
        "hashed_secret": "cd83726b97f83df6c8e29faceb637911b6e9f636",
        "is_verified": false,
        "line_number": 12,
        "is_secret": false
      },
      {
        "type": "Hex High Entropy String",
        "filename": "deployment/lds/content/minio/exam-associate-auto-v1.1-lab-lab-2.9.1/mosaic_meta.json",
        "hashed_secret": "ebd3c1e5a5fa14f63b4707ef324750e443db64bb",
        "is_verified": false,
        "line_number": 14,
        "is_secret": false
      }
    ],
    "deployment/lds/content/minio/exam-ccie-test-v1-des-1.1/RCUv1/grade.xml": [
      {
        "type": "Hex High Entropy String",
        "filename": "deployment/lds/content/minio/exam-ccie-test-v1-des-1.1/RCUv1/grade.xml",
        "hashed_secret": "1a915b632052a2ea23c776c84cf093071137a142",
        "is_verified": false,
        "line_number": 13,
        "is_secret": false
      },
      {
        "type": "Hex High Entropy String",
        "filename": "deployment/lds/content/minio/exam-ccie-test-v1-des-1.1/RCUv1/grade.xml",
        "hashed_secret": "c370a3892d1dabe15085df08be2fdda7a80224f0",
        "is_verified": false,
        "line_number": 15,
        "is_secret": false
      },
      {
        "type": "Hex High Entropy String",
        "filename": "deployment/lds/content/minio/exam-ccie-test-v1-des-1.1/RCUv1/grade.xml",
        "hashed_secret": "f5dd987dca88617bc066cf989e4f30d8a68d60ca",
        "is_verified": false,
        "line_number": 20,
        "is_secret": false
      },
      {
        "type": "Hex High Entropy String",
        "filename": "deployment/lds/content/minio/exam-ccie-test-v1-des-1.1/RCUv1/grade.xml",
        "hashed_secret": "d5ef01510f24d9aec38a7ef80de09e308fbf6f7b",
        "is_verified": false,
        "line_number": 26,
        "is_secret": false
      },
      {
        "type": "Hex High Entropy String",
        "filename": "deployment/lds/content/minio/exam-ccie-test-v1-des-1.1/RCUv1/grade.xml",
        "hashed_secret": "0677b0082ed3c5ee78f06517ebe3f93f206d6e30",
        "is_verified": false,
        "line_number": 31,
        "is_secret": false
      },
      {
        "type": "Hex High Entropy String",
        "filename": "deployment/lds/content/minio/exam-ccie-test-v1-des-1.1/RCUv1/grade.xml",
        "hashed_secret": "d3aeb1ca59308cc288fd8c02f9b089f15aec0723",
        "is_verified": false,
        "line_number": 38,
        "is_secret": false
      },
      {
        "type": "Hex High Entropy String",
        "filename": "deployment/lds/content/minio/exam-ccie-test-v1-des-1.1/RCUv1/grade.xml",
        "hashed_secret": "22cca378fd5d7513461eb6cb6dd656c7cf86c524",
        "is_verified": false,
        "line_number": 44,
        "is_secret": false
      },
      {
        "type": "Hex High Entropy String",
        "filename": "deployment/lds/content/minio/exam-ccie-test-v1-des-1.1/RCUv1/grade.xml",
        "hashed_secret": "ce6a2db9be2621277ee0c65f36c10cb4249f6a31",
        "is_verified": false,
        "line_number": 50,
        "is_secret": false
      },
      {
        "type": "Hex High Entropy String",
        "filename": "deployment/lds/content/minio/exam-ccie-test-v1-des-1.1/RCUv1/grade.xml",
        "hashed_secret": "653be6a191f88de022e8608232dcb4758f3ee4b0",
        "is_verified": false,
        "line_number": 56,
        "is_secret": false
      },
      {
        "type": "Hex High Entropy String",
        "filename": "deployment/lds/content/minio/exam-ccie-test-v1-des-1.1/RCUv1/grade.xml",
        "hashed_secret": "e1c119edf11d96b043af06aa348cc9b337b3d8a9",
        "is_verified": false,
        "line_number": 65,
        "is_secret": false
      },
      {
        "type": "Hex High Entropy String",
        "filename": "deployment/lds/content/minio/exam-ccie-test-v1-des-1.1/RCUv1/grade.xml",
        "hashed_secret": "eca9c26223dd0b3cf52e8e9c9bd29631930f6f8f",
        "is_verified": false,
        "line_number": 71,
        "is_secret": false
      },
      {
        "type": "Hex High Entropy String",
        "filename": "deployment/lds/content/minio/exam-ccie-test-v1-des-1.1/RCUv1/grade.xml",
        "hashed_secret": "4666f72ea3bc97dd92b42cc793c6335483ce016a",
        "is_verified": false,
        "line_number": 76,
        "is_secret": false
      },
      {
        "type": "Hex High Entropy String",
        "filename": "deployment/lds/content/minio/exam-ccie-test-v1-des-1.1/RCUv1/grade.xml",
        "hashed_secret": "76501258c201e6f398b0ff8461dc074fafc8fe0f",
        "is_verified": false,
        "line_number": 81,
        "is_secret": false
      },
      {
        "type": "Hex High Entropy String",
        "filename": "deployment/lds/content/minio/exam-ccie-test-v1-des-1.1/RCUv1/grade.xml",
        "hashed_secret": "bdf7aa297f0093134641dbca5d514517a83338b3",
        "is_verified": false,
        "line_number": 86,
        "is_secret": false
      },
      {
        "type": "Hex High Entropy String",
        "filename": "deployment/lds/content/minio/exam-ccie-test-v1-des-1.1/RCUv1/grade.xml",
        "hashed_secret": "49de3266c5b2ea87c35857f4a9e0794fb5ef7112",
        "is_verified": false,
        "line_number": 91,
        "is_secret": false
      },
      {
        "type": "Hex High Entropy String",
        "filename": "deployment/lds/content/minio/exam-ccie-test-v1-des-1.1/RCUv1/grade.xml",
        "hashed_secret": "1a55f4c2ab67760800681bbf38709444c2bfd212",
        "is_verified": false,
        "line_number": 96,
        "is_secret": false
      },
      {
        "type": "Hex High Entropy String",
        "filename": "deployment/lds/content/minio/exam-ccie-test-v1-des-1.1/RCUv1/grade.xml",
        "hashed_secret": "89e75cd277c47fb3b444626d21c497c75f6ff154",
        "is_verified": false,
        "line_number": 102,
        "is_secret": false
      },
      {
        "type": "Hex High Entropy String",
        "filename": "deployment/lds/content/minio/exam-ccie-test-v1-des-1.1/RCUv1/grade.xml",
        "hashed_secret": "ee9fc10a42204fc2478a024d8df4210333bbabd4",
        "is_verified": false,
        "line_number": 109,
        "is_secret": false
      },
      {
        "type": "Hex High Entropy String",
        "filename": "deployment/lds/content/minio/exam-ccie-test-v1-des-1.1/RCUv1/grade.xml",
        "hashed_secret": "eaee5db3b1244c3c3d994781d855ff967208028f",
        "is_verified": false,
        "line_number": 117,
        "is_secret": false
      }
    ],
    "deployment/lds/content/minio/exam-ccie-test-v1-des-1.1/mosaic_meta.json": [
      {
        "type": "Hex High Entropy String",
        "filename": "deployment/lds/content/minio/exam-ccie-test-v1-des-1.1/mosaic_meta.json",
        "hashed_secret": "b94698154a16041b355c19fe271f692115866f50",
        "is_verified": false,
        "line_number": 8,
        "is_secret": false
      },
      {
        "type": "Hex High Entropy String",
        "filename": "deployment/lds/content/minio/exam-ccie-test-v1-des-1.1/mosaic_meta.json",
        "hashed_secret": "3bef7614a6bc03461295bffd914bbcd232cc3a69",
        "is_verified": false,
        "line_number": 9,
        "is_secret": false
      },
      {
        "type": "Hex High Entropy String",
        "filename": "deployment/lds/content/minio/exam-ccie-test-v1-des-1.1/mosaic_meta.json",
        "hashed_secret": "4159798f7709371d948a2a03d2ea3ac3c3a11e31",
        "is_verified": false,
        "line_number": 10,
        "is_secret": false
      },
      {
        "type": "Hex High Entropy String",
        "filename": "deployment/lds/content/minio/exam-ccie-test-v1-des-1.1/mosaic_meta.json",
        "hashed_secret": "1e7a20d9fa71839253590c1bda79898e25e3a87e",
        "is_verified": false,
        "line_number": 12,
        "is_secret": false
      },
      {
        "type": "Hex High Entropy String",
        "filename": "deployment/lds/content/minio/exam-ccie-test-v1-des-1.1/mosaic_meta.json",
        "hashed_secret": "eff0c2896ac2db1b5177d4a40ac3f03e1c6e1497",
        "is_verified": false,
        "line_number": 14,
        "is_secret": false
      }
    ],
    "deployment/lds/content/minio/exam-ccnp-test-v1-lab-1.1/RCUv1/pod.xml": [
      {
        "type": "Secret Keyword",
        "filename": "deployment/lds/content/minio/exam-ccnp-test-v1-lab-1.1/RCUv1/pod.xml",
        "hashed_secret": "7af78c911d5b48bea1dc2449d9d89513abeb4be5",
        "is_verified": false,
        "line_number": 5,
        "is_secret": false
      }
    ],
    "deployment/lds/content/minio/exam-ccnp-test-v1-lab-1.1/mosaic_meta.json": [
      {
        "type": "Hex High Entropy String",
        "filename": "deployment/lds/content/minio/exam-ccnp-test-v1-lab-1.1/mosaic_meta.json",
        "hashed_secret": "f63e5b6684d83fc10bf72cc423b50ce8f315d3b1",
        "is_verified": false,
        "line_number": 8,
        "is_secret": false
      },
      {
        "type": "Hex High Entropy String",
        "filename": "deployment/lds/content/minio/exam-ccnp-test-v1-lab-1.1/mosaic_meta.json",
        "hashed_secret": "fea59fca3e1a33b9615f95c2578c1df5ff1794e9",
        "is_verified": false,
        "line_number": 9,
        "is_secret": false
      },
      {
        "type": "Hex High Entropy String",
        "filename": "deployment/lds/content/minio/exam-ccnp-test-v1-lab-1.1/mosaic_meta.json",
        "hashed_secret": "18406be8e039ad594802d6b55e566db7359d7e2d",
        "is_verified": false,
        "line_number": 10,
        "is_secret": false
      },
      {
        "type": "Hex High Entropy String",
        "filename": "deployment/lds/content/minio/exam-ccnp-test-v1-lab-1.1/mosaic_meta.json",
        "hashed_secret": "37138effbe36319f8a48d4e9ae4b8c4f8372c99e",
        "is_verified": false,
        "line_number": 12,
        "is_secret": false
      },
      {
        "type": "Hex High Entropy String",
        "filename": "deployment/lds/content/minio/exam-ccnp-test-v1-lab-1.1/mosaic_meta.json",
        "hashed_secret": "45c56ced613dea69bfb0a635a7c70b8b480ab385",
        "is_verified": false,
        "line_number": 14,
        "is_secret": false
      }
    ],
    "deployment/lds/content/minio/pod.xml": [
      {
        "type": "Secret Keyword",
        "filename": "deployment/lds/content/minio/pod.xml",
        "hashed_secret": "7af78c911d5b48bea1dc2449d9d89513abeb4be5",
        "is_verified": false,
        "line_number": 5,
        "is_secret": false
      }
    ],
    "docker-compose.shared.yml": [
      {
        "type": "Secret Keyword",
        "filename": "docker-compose.shared.yml",
        "hashed_secret": "82122e51e8ec5f6d2271f8f511c98f42c0e823dc",
        "is_verified": false,
        "line_number": 58,
        "is_secret": false
      },
      {
        "type": "Basic Auth Credentials",
        "filename": "docker-compose.shared.yml",
        "hashed_secret": "17d7f83e98141ba9b9dcf190db009a623ab88755",
        "is_verified": false,
        "line_number": 457,
        "is_secret": false
      },
      {
        "type": "Secret Keyword",
        "filename": "docker-compose.shared.yml",
        "hashed_secret": "a01cc25b2a1a5f0f921a5c94e02ba18bf71dc142",
        "is_verified": false,
        "line_number": 459,
        "is_secret": false
      },
      {
        "type": "Secret Keyword",
        "filename": "docker-compose.shared.yml",
        "hashed_secret": "240909066e2869ef9e3976e264385f0cbbcab22c",
        "is_verified": false,
        "line_number": 474,
        "is_secret": false
      },
      {
        "type": "Secret Keyword",
        "filename": "docker-compose.shared.yml",
        "hashed_secret": "574c31583ccfad589eba69f77c1111323ba7d35b",
        "is_verified": false,
        "line_number": 475,
        "is_secret": false
      },
      {
        "type": "Secret Keyword",
        "filename": "docker-compose.shared.yml",
        "hashed_secret": "17d7f83e98141ba9b9dcf190db009a623ab88755",
        "is_verified": false,
        "line_number": 522,
        "is_secret": false
      }
    ],
    "docs/architecture/components/lablet-controller/index.md": [
      {
        "type": "Secret Keyword",
        "filename": "docs/architecture/components/lablet-controller/index.md",
        "hashed_secret": "7af78c911d5b48bea1dc2449d9d89513abeb4be5",
        "is_verified": false,
        "line_number": 989,
        "is_secret": false
      }
    ],
    "docs/cml-feature-requests.md": [
      {
        "type": "Secret Keyword",
        "filename": "docs/cml-feature-requests.md",
        "hashed_secret": "a3e63ce61811cc1bc83f46e88c8b09e296fffbd4",
        "is_verified": false,
        "line_number": 146,
        "is_secret": false
      }
    ],
    "docs/deployment/production-checklist.md": [
      {
        "type": "Basic Auth Credentials",
        "filename": "docs/deployment/production-checklist.md",
        "hashed_secret": "9d4e1e23bd5b727046a9e3b4b7db57bd8d6ee684",
        "is_verified": false,
        "line_number": 101,
        "is_secret": false
      }
    ],
    "docs/implementation/content_synchronization.md": [
      {
        "type": "Hex High Entropy String",
        "filename": "docs/implementation/content_synchronization.md",
        "hashed_secret": "52d2a0b7b38e420708f0744ff644766fae93db1f",
        "is_verified": false,
        "line_number": 3023,
        "is_secret": false
      },
      {
        "type": "Hex High Entropy String",
        "filename": "docs/implementation/content_synchronization.md",
        "hashed_secret": "78f999645fd343904e1df8d4bbfb7c548de3c4a1",
        "is_verified": false,
        "line_number": 3024,
        "is_secret": false
      },
      {
        "type": "Hex High Entropy String",
        "filename": "docs/implementation/content_synchronization.md",
        "hashed_secret": "7df9cda72d3abe5e749271749459078c693a4038",
        "is_verified": false,
        "line_number": 3025,
        "is_secret": false
      },
      {
        "type": "Hex High Entropy String",
        "filename": "docs/implementation/content_synchronization.md",
        "hashed_secret": "cd83726b97f83df6c8e29faceb637911b6e9f636",
        "is_verified": false,
        "line_number": 3027,
        "is_secret": false
      },
      {
        "type": "Hex High Entropy String",
        "filename": "docs/implementation/content_synchronization.md",
        "hashed_secret": "ebd3c1e5a5fa14f63b4707ef324750e443db64bb",
        "is_verified": false,
        "line_number": 3029,
        "is_secret": false
      }
    ],
    "docs/infrastructure/docker-environment.md": [
      {
        "type": "Secret Keyword",
        "filename": "docs/infrastructure/docker-environment.md",
        "hashed_secret": "b32740358b7ba7a744d68c8ecec23a5511744d5d",
        "is_verified": false,
        "line_number": 116,
        "is_secret": false
      },
      {
        "type": "Basic Auth Credentials",
        "filename": "docs/infrastructure/docker-environment.md",
        "hashed_secret": "b32740358b7ba7a744d68c8ecec23a5511744d5d",
        "is_verified": false,
        "line_number": 121,
        "is_secret": false
      },
      {
        "type": "Secret Keyword",
        "filename": "docs/infrastructure/docker-environment.md",
        "hashed_secret": "d033e22ae348aeb5660fc2140aec35850c4da997",
        "is_verified": false,
        "line_number": 160,
        "is_secret": false
      }
    ],
    "docs/integration/CML/cml_v2-9_openapi.json": [
      {
        "type": "JSON Web Token",
        "filename": "docs/integration/CML/cml_v2-9_openapi.json",
        "hashed_secret": "2d5ae413f4932cbcf54cea2023ef942431a914ce",
        "is_verified": false,
        "line_number": 352,
        "is_secret": false
      },
      {
        "type": "Hex High Entropy String",
        "filename": "docs/integration/CML/cml_v2-9_openapi.json",
        "hashed_secret": "20a648d5a5f1332637f8333e161b8103b1288be9",
        "is_verified": false,
        "line_number": 6112,
        "is_secret": false
      }
    ],
    "docs/integration/LDS/LDS_openapi.json": [
      {
        "type": "Hex High Entropy String",
        "filename": "docs/integration/LDS/LDS_openapi.json",
        "hashed_secret": "c26d914372b956806baefcf0d562e91e6511f1c5",
        "is_verified": false,
        "line_number": 41,
        "is_secret": false
      },
      {
        "type": "Hex High Entropy String",
        "filename": "docs/integration/LDS/LDS_openapi.json",
        "hashed_secret": "98e14093535fc95f6acf42482146c01bb6896087",
        "is_verified": false,
        "line_number": 43,
        "is_secret": false
      },
      {
        "type": "Hex High Entropy String",
        "filename": "docs/integration/LDS/LDS_openapi.json",
        "hashed_secret": "2d756455583b1099051765ab75d82fa1627e637c",
        "is_verified": false,
        "line_number": 45,
        "is_secret": false
      },
      {
        "type": "Hex High Entropy String",
        "filename": "docs/integration/LDS/LDS_openapi.json",
        "hashed_secret": "7f39ac75f19b4f9cff232917c332b8516eef8014",
        "is_verified": false,
        "line_number": 53,
        "is_secret": false
      },
      {
        "type": "Hex High Entropy String",
        "filename": "docs/integration/LDS/LDS_openapi.json",
        "hashed_secret": "7c402dc0dc56094e2c034b28d18c4cc70ad3fd6b",
        "is_verified": false,
        "line_number": 58,
        "is_secret": false
      },
      {
        "type": "Hex High Entropy String",
        "filename": "docs/integration/LDS/LDS_openapi.json",
        "hashed_secret": "23957b2eb2c8b4bc7b3f4a47279f7fd1f37d2be1",
        "is_verified": false,
        "line_number": 227,
        "is_secret": false
      },
      {
        "type": "Hex High Entropy String",
        "filename": "docs/integration/LDS/LDS_openapi.json",
        "hashed_secret": "f36c84b63201932220907c7dcf0230252ad8797f",
        "is_verified": false,
        "line_number": 229,
        "is_secret": false
      },
      {
        "type": "Hex High Entropy String",
        "filename": "docs/integration/LDS/LDS_openapi.json",
        "hashed_secret": "4f2355d3ef9ac6b34f513920bbb0f163769de32d",
        "is_verified": false,
        "line_number": 237,
        "is_secret": false
      },
      {
        "type": "Secret Keyword",
        "filename": "docs/integration/LDS/LDS_openapi.json",
        "hashed_secret": "dfbadc3a92f754e575f13c40024009419d9e74f0",
        "is_verified": false,
        "line_number": 1646,
        "is_secret": false
      },
      {
        "type": "Secret Keyword",
        "filename": "docs/integration/LDS/LDS_openapi.json",
        "hashed_secret": "91dfd9ddb4198affc5c194cd8ce6d338fde470e2",
        "is_verified": false,
        "line_number": 1788,
        "is_secret": false
      }
    ],
    "docs/integration/Lablet/sample_lablet_package/Lablet_LAB-2.5.1/RCUv1/cml.yaml": [
      {
        "type": "Secret Keyword",
        "filename": "docs/integration/Lablet/sample_lablet_package/Lablet_LAB-2.5.1/RCUv1/cml.yaml",
        "hashed_secret": "4693aa64054e8106991205fe48ec1b309c51df6e",
        "is_verified": false,
        "line_number": 91,
        "is_secret": false
      },
      {
        "type": "Secret Keyword",
        "filename": "docs/integration/Lablet/sample_lablet_package/Lablet_LAB-2.5.1/RCUv1/cml.yaml",
        "hashed_secret": "d393c79946791c7693a50fa40992d232d15f3078",
        "is_verified": false,
        "line_number": 140,
        "is_secret": false
      }
    ],
    "docs/integration/Lablet/sample_lablet_package/Lablet_LAB-2.5.1/RCUv1/pod.xml": [
      {
        "type": "Secret Keyword",
        "filename": "docs/integration/Lablet/sample_lablet_package/Lablet_LAB-2.5.1/RCUv1/pod.xml",
        "hashed_secret": "7af78c911d5b48bea1dc2449d9d89513abeb4be5",
        "is_verified": false,
        "line_number": 5,
        "is_secret": false
      }
    ],
    "docs/integration/Lablet/sample_lablet_package/Lablet_LAB-2.5.1/mosaic_meta.json": [
      {
        "type": "Hex High Entropy String",
        "filename": "docs/integration/Lablet/sample_lablet_package/Lablet_LAB-2.5.1/mosaic_meta.json",
        "hashed_secret": "52d2a0b7b38e420708f0744ff644766fae93db1f",
        "is_verified": false,
        "line_number": 8,
        "is_secret": false
      },
      {
        "type": "Hex High Entropy String",
        "filename": "docs/integration/Lablet/sample_lablet_package/Lablet_LAB-2.5.1/mosaic_meta.json",
        "hashed_secret": "78f999645fd343904e1df8d4bbfb7c548de3c4a1",
        "is_verified": false,
        "line_number": 9,
        "is_secret": false
      },
      {
        "type": "Hex High Entropy String",
        "filename": "docs/integration/Lablet/sample_lablet_package/Lablet_LAB-2.5.1/mosaic_meta.json",
        "hashed_secret": "7df9cda72d3abe5e749271749459078c693a4038",
        "is_verified": false,
        "line_number": 10,
        "is_secret": false
      },
      {
        "type": "Hex High Entropy String",
        "filename": "docs/integration/Lablet/sample_lablet_package/Lablet_LAB-2.5.1/mosaic_meta.json",
        "hashed_secret": "cd83726b97f83df6c8e29faceb637911b6e9f636",
        "is_verified": false,
        "line_number": 12,
        "is_secret": false
      },
      {
        "type": "Hex High Entropy String",
        "filename": "docs/integration/Lablet/sample_lablet_package/Lablet_LAB-2.5.1/mosaic_meta.json",
        "hashed_secret": "ebd3c1e5a5fa14f63b4707ef324750e443db64bb",
        "is_verified": false,
        "line_number": 14,
        "is_secret": false
      }
    ],
    "docs/lablet/sample_cml_lab.yaml": [
      {
        "type": "Secret Keyword",
        "filename": "docs/lablet/sample_cml_lab.yaml",
        "hashed_secret": "4693aa64054e8106991205fe48ec1b309c51df6e",
        "is_verified": false,
        "line_number": 91,
        "is_secret": false
      },
      {
        "type": "Secret Keyword",
        "filename": "docs/lablet/sample_cml_lab.yaml",
        "hashed_secret": "d393c79946791c7693a50fa40992d232d15f3078",
        "is_verified": false,
        "line_number": 140,
        "is_secret": false
      }
    ],
    "docs/specs/lablet-resource-manager-requirements.md": [
      {
        "type": "Secret Keyword",
        "filename": "docs/specs/lablet-resource-manager-requirements.md",
        "hashed_secret": "8f263db9e9e6e7259866281db399e16fac312bbb",
        "is_verified": false,
        "line_number": 309,
        "is_secret": false
      }
    ],
    "docs/troubleshooting/common-issues.md": [
      {
        "type": "Basic Auth Credentials",
        "filename": "docs/troubleshooting/common-issues.md",
        "hashed_secret": "b32740358b7ba7a744d68c8ecec23a5511744d5d",
        "is_verified": false,
        "line_number": 340,
        "is_secret": false
      }
    ],
    "notes/API_WORKER_SEPARATION_IMPLEMENTATION.md": [
      {
        "type": "Base64 High Entropy String",
        "filename": "notes/API_WORKER_SEPARATION_IMPLEMENTATION.md",
        "hashed_secret": "7d84b73cb8901df298f4d4784040134cbcbec7ec",
        "is_verified": false,
        "line_number": 232,
        "is_secret": false
      }
    ],
    "notes/AUTHENTICATION_ARCHITECTURE.md": [
      {
        "type": "Secret Keyword",
        "filename": "notes/AUTHENTICATION_ARCHITECTURE.md",
        "hashed_secret": "97e60ee4c5b5f34ba84d95c4331f29b9dac9d1f6",
        "is_verified": false,
        "line_number": 554,
        "is_secret": false
      }
    ],
    "notes/DOCKER_SERVICES.md": [
      {
        "type": "Secret Keyword",
        "filename": "notes/DOCKER_SERVICES.md",
        "hashed_secret": "b32740358b7ba7a744d68c8ecec23a5511744d5d",
        "is_verified": false,
        "line_number": 34,
        "is_secret": false
      },
      {
        "type": "Secret Keyword",
        "filename": "notes/DOCKER_SERVICES.md",
        "hashed_secret": "d033e22ae348aeb5660fc2140aec35850c4da997",
        "is_verified": false,
        "line_number": 54,
        "is_secret": false
      }
    ],
    "notes/OAUTH2_CLIENT_CONFIGURATION.md": [
      {
        "type": "Secret Keyword",
        "filename": "notes/OAUTH2_CLIENT_CONFIGURATION.md",
        "hashed_secret": "c45335b81c84a8103376167399d74fcb0424ee1e",
        "is_verified": false,
        "line_number": 117,
        "is_secret": false
      }
    ],
    "notes/REDIS_SESSION_STORE.md": [
      {
        "type": "Basic Auth Credentials",
        "filename": "notes/REDIS_SESSION_STORE.md",
        "hashed_secret": "5baa61e4c9b93f3f0682250b6cf8331b7ee68fd8",
        "is_verified": false,
        "line_number": 459,
        "is_secret": false
      }
    ],
    "notes/SELF_CONTAINED_REFACTOR.md": [
      {
        "type": "Secret Keyword",
        "filename": "notes/SELF_CONTAINED_REFACTOR.md",
        "hashed_secret": "9d4e1e23bd5b727046a9e3b4b7db57bd8d6ee684",
        "is_verified": false,
        "line_number": 218,
        "is_secret": false
      }
    ],
    "notes/UVICORN_CONFIGURATION_GUIDE.md": [
      {
        "type": "Base64 High Entropy String",
        "filename": "notes/UVICORN_CONFIGURATION_GUIDE.md",
        "hashed_secret": "7d84b73cb8901df298f4d4784040134cbcbec7ec",
        "is_verified": false,
        "line_number": 187,
        "is_secret": false
      }
    ],
    "notes/cml_v2.9_openapi.json": [
      {
        "type": "JSON Web Token",
        "filename": "notes/cml_v2.9_openapi.json",
        "hashed_secret": "2d5ae413f4932cbcf54cea2023ef942431a914ce",
        "is_verified": false,
        "line_number": 5367,
        "is_secret": false
      },
      {
        "type": "Hex High Entropy String",
        "filename": "notes/cml_v2.9_openapi.json",
        "hashed_secret": "20a648d5a5f1332637f8333e161b8103b1288be9",
        "is_verified": false,
        "line_number": 6110,
        "is_secret": false
      }
    ],
    "notes/session-bootstrap/PHASE_2_BOOTSTRAP_PROMPT.md": [
      {
        "type": "Basic Auth Credentials",
        "filename": "notes/session-bootstrap/PHASE_2_BOOTSTRAP_PROMPT.md",
        "hashed_secret": "cbfdac6008f9cab4083784cbd1874f76618d2a97",
        "is_verified": false,
        "line_number": 186,
        "is_secret": false
      }
    ],
    "scripts/validate_lds_integration.py": [
      {
        "type": "Secret Keyword",
        "filename": "scripts/validate_lds_integration.py",
        "hashed_secret": "8f263db9e9e6e7259866281db399e16fac312bbb",
        "is_verified": false,
        "line_number": 53,
        "is_secret": false
      }
    ],
    "src/control-plane-api/data/cml_labs/TEST-LAB-1.1.yaml": [
      {
        "type": "Secret Keyword",
        "filename": "src/control-plane-api/data/cml_labs/TEST-LAB-1.1.yaml",
        "hashed_secret": "6b137245d6af82feb6999faf4fac9439081afe6d",
        "is_verified": false,
        "line_number": 181,
        "is_secret": false
      }
    ],
    "src/control-plane-api/tests/conftest.py": [
      {
        "type": "Basic Auth Credentials",
        "filename": "src/control-plane-api/tests/conftest.py",
        "hashed_secret": "cbfdac6008f9cab4083784cbd1874f76618d2a97",
        "is_verified": false,
        "line_number": 105,
        "is_secret": false
      }
    ],
    "src/control-plane-api/tests/integration/test_mongo_lablet_definition_repository.py": [
      {
        "type": "Hex High Entropy String",
        "filename": "src/control-plane-api/tests/integration/test_mongo_lablet_definition_repository.py",
        "hashed_secret": "90bd1b48e958257948487b90bee080ba5ed00caa",
        "is_verified": false,
        "line_number": 82,
        "is_secret": false
      }
    ],
    "src/control-plane-api/ui/src/scripts/components/shared/definition-details-renderer.js": [
      {
        "type": "Secret Keyword",
        "filename": "src/control-plane-api/ui/src/scripts/components/shared/definition-details-renderer.js",
        "hashed_secret": "77765d336b0461f92777cc880c6e976d629a2d6e",
        "is_verified": false,
        "line_number": 514,
        "is_secret": false
      },
      {
        "type": "Secret Keyword",
        "filename": "src/control-plane-api/ui/src/scripts/components/shared/definition-details-renderer.js",
        "hashed_secret": "8f436044784d1ad9443027af9bc7c4bfdb6cddae",
        "is_verified": false,
        "line_number": 521,
        "is_secret": false
      },
      {
        "type": "Secret Keyword",
        "filename": "src/control-plane-api/ui/src/scripts/components/shared/definition-details-renderer.js",
        "hashed_secret": "510f39f56024f02fca204fe74f70d8394d0ea930",
        "is_verified": false,
        "line_number": 533,
        "is_secret": false
      }
    ],
    "src/lablet-controller/config/lds_deployments.docker.yaml": [
      {
        "type": "Secret Keyword",
        "filename": "src/lablet-controller/config/lds_deployments.docker.yaml",
        "hashed_secret": "f953298876f062f1e31ec1a795f2013db8825b00",
        "is_verified": false,
        "line_number": 17,
        "is_secret": false
      }
    ],
    "src/lablet-controller/config/lds_deployments.yaml": [
      {
        "type": "Secret Keyword",
        "filename": "src/lablet-controller/config/lds_deployments.yaml",
        "hashed_secret": "f953298876f062f1e31ec1a795f2013db8825b00",
        "is_verified": false,
        "line_number": 26,
        "is_secret": false
      }
    ],
    "src/lablet-controller/tests/integration/test_lds_spi.py": [
      {
        "type": "Secret Keyword",
        "filename": "src/lablet-controller/tests/integration/test_lds_spi.py",
        "hashed_secret": "f2b14f68eb995facb3a1c35287b778d5bd785511",
        "is_verified": false,
        "line_number": 61,
        "is_secret": false
      },
      {
        "type": "Secret Keyword",
        "filename": "src/lablet-controller/tests/integration/test_lds_spi.py",
        "hashed_secret": "7af78c911d5b48bea1dc2449d9d89513abeb4be5",
        "is_verified": false,
        "line_number": 90,
        "is_secret": false
      },
      {
        "type": "Secret Keyword",
        "filename": "src/lablet-controller/tests/integration/test_lds_spi.py",
        "hashed_secret": "e5e9fa1ba31ecd1ae84f75caaa474f3a663f05f4",
        "is_verified": false,
        "line_number": 232,
        "is_secret": false
      },
      {
        "type": "Secret Keyword",
        "filename": "src/lablet-controller/tests/integration/test_lds_spi.py",
        "hashed_secret": "9d4e1e23bd5b727046a9e3b4b7db57bd8d6ee684",
        "is_verified": false,
        "line_number": 250,
        "is_secret": false
      },
      {
        "type": "Secret Keyword",
        "filename": "src/lablet-controller/tests/integration/test_lds_spi.py",
        "hashed_secret": "f717e3b333fbeed877ae3de8656c6351ea5d7fd9",
        "is_verified": false,
        "line_number": 289,
        "is_secret": false
      }
    ],
    "src/lablet-controller/tests/test_instantiation_pipeline.py": [
      {
        "type": "Secret Keyword",
        "filename": "src/lablet-controller/tests/test_instantiation_pipeline.py",
        "hashed_secret": "e5e9fa1ba31ecd1ae84f75caaa474f3a663f05f4",
        "is_verified": false,
        "line_number": 248,
        "is_secret": false
      }
    ],
    "src/lablet-controller/tests/test_lablet_reconciler_g5.py": [
      {
        "type": "Secret Keyword",
        "filename": "src/lablet-controller/tests/test_lablet_reconciler_g5.py",
        "hashed_secret": "aafdc23870ecbcd3d557b6423a8982134e17927e",
        "is_verified": false,
        "line_number": 1082,
        "is_secret": false
      }
    ],
    "src/lablet-controller/tests/test_lifecycle_phase_handler.py": [
      {
        "type": "Secret Keyword",
        "filename": "src/lablet-controller/tests/test_lifecycle_phase_handler.py",
        "hashed_secret": "e5e9fa1ba31ecd1ae84f75caaa474f3a663f05f4",
        "is_verified": false,
        "line_number": 44,
        "is_secret": false
      }
    ],
    "src/lablet-controller/tests/test_pipeline_executor.py": [
      {
        "type": "Secret Keyword",
        "filename": "src/lablet-controller/tests/test_pipeline_executor.py",
        "hashed_secret": "e5e9fa1ba31ecd1ae84f75caaa474f3a663f05f4",
        "is_verified": false,
        "line_number": 64,
        "is_secret": false
      }
    ],
    "src/worker-controller/tests/test_worker_reconciler_g4.py": [
      {
        "type": "Secret Keyword",
        "filename": "src/worker-controller/tests/test_worker_reconciler_g4.py",
        "hashed_secret": "fe1bae27cb7c1fb823f496f286e78f1d2ae87734",
        "is_verified": false,
        "line_number": 228,
        "is_secret": false
      },
      {
        "type": "Secret Keyword",
        "filename": "src/worker-controller/tests/test_worker_reconciler_g4.py",
        "hashed_secret": "e5e9fa1ba31ecd1ae84f75caaa474f3a663f05f4",
        "is_verified": false,
        "line_number": 878,
        "is_secret": false
      }
    ]
  },
  "generated_at": "2026-05-31T09:09:45Z"
}
